// Jest Snapshot v1, https://goo.gl/fbAQLP

exports[`renders correctly 1`] = `
<View
  style={
    Object {
      "alignItems": "center",
      "backgroundColor": "whitesmoke",
      "flex": 1,
      "justifyContent": "center",
    }
  }
>
  <Text>
    Settings Screen
  </Text>
</View>
`;
